<!DOCTYPE html>
<html lang="en">
<head>
  <meta charset="utf-8">
<!-- type.cpp -->
  <title>List of All Members for Type | Test</title>
</head>
<body>
<div class="sidebar"><div class="sidebar-content" id="sidebar-content"></div></div>
<h1 class="title" translate="no">List of All Members for Type</h1>
<p>This is the complete list of members for <a href="qml-qdoc-test-type.html">Type</a>, including inherited members.</p>
<ul>
<li class="fn" translate="no"><b><b><a href="qml-qdoc-test-type.html#fifth-prop" translate="no">fifth</a></b></b> : int</li>
<li class="fn" translate="no"><b><b><a href="qml-qdoc-test-type.html#fourth-prop" translate="no">fourth</a></b></b> : int</li>
<li class="fn" translate="no"><b><b><a href="qml-qdoc-test-type.html#group-prop" translate="no">group</a></b></b><ul>
<li class="fn" translate="no"><b><b><a href="qml-qdoc-test-type.html#group.first-prop" translate="no">group.first</a></b></b> : int</li>
<li class="fn" translate="no"><b><b><a href="qml-qdoc-test-type.html#group.second-prop" translate="no">group.second</a></b></b> : int</li>
<li class="fn" translate="no"><b><b><a href="qml-qdoc-test-type.html#group.third-prop" translate="no">group.third</a></b></b> : int</li>
</ul>
</li>
<li class="fn" translate="no"><b><b><a href="qml-qdoc-test-type.html#id-prop" translate="no">id</a></b></b> : int</li>
<li class="fn" translate="no"><b><b><a href="qml-qdoc-test-type.html#name-prop" translate="no">name</a></b></b> : string</li>
<li class="fn" translate="no"><b><b><a href="qml-qdoc-test-type.html#type-attached-prop" translate="no">type</a></b></b> : enumeration [attached]</li>
<li class="fn" translate="no"><b><b><a href="qml-qdoc-test-type.html#completed-signal" translate="no">completed</a></b></b>(int <i>status</i>)</li>
<li class="fn" translate="no"><b><b><a href="qml-qdoc-test-type.html#configured-signal" translate="no">configured</a></b></b>() [attached]</li>
<li class="fn" translate="no">Type <b><b><a href="qml-qdoc-test-type.html#copy-method" translate="no">copy</a></b></b>(<i>a</i>)</li>
<li class="fn" translate="no"><b><b><a href="qml-qdoc-test-type.html#disable-method" translate="no">disable</a></b></b>()</li>
<li class="fn" translate="no"><b><b><a href="qml-qdoc-test-type.html#enable-method" translate="no">enable</a></b></b>()</li>
</ul>
</body>
</html>
